Analysis & Synthesis report for top_module
Fri May 22 10:03:09 2026
Quartus II 64-Bit Version 13.0.1 Build 232 06/12/2013 Service Pack 1 SJ Web Edition


---------------------
; Table of Contents ;
---------------------
  1. Legal Notice
  2. Analysis & Synthesis Summary
  3. Analysis & Synthesis Settings
  4. Parallel Compilation
  5. Analysis & Synthesis Source Files Read
  6. Analysis & Synthesis Resource Usage Summary
  7. Analysis & Synthesis Resource Utilization by Entity
  8. State Machine - |top_module|output_top:u_output|lcd_controller:u_lcd_controller|lcd_state
  9. State Machine - |top_module|logic_top:u_logic|fsm_controller:u_fsm_controller|current_state
 10. Registers Removed During Synthesis
 11. General Register Statistics
 12. Inverted Register Statistics
 13. Multiplexer Restructuring Statistics (Restructuring Performed)
 14. Source assignments for Top-level Entity: |top_module
 15. Parameter Settings for User Entity Instance: output_top:u_output|lcd_controller:u_lcd_controller
 16. Port Connectivity Checks: "Top_input:u_input|chia_xung:u_chia_xung"
 17. Elapsed Time Per Partition
 18. Analysis & Synthesis Messages



----------------
; Legal Notice ;
----------------
Copyright (C) 1991-2013 Altera Corporation
Your use of Altera Corporation's design tools, logic functions 
and other software and tools, and its AMPP partner logic 
functions, and any output files from any of the foregoing 
(including device programming or simulation files), and any 
associated documentation or information are expressly subject 
to the terms and conditions of the Altera Program License 
Subscription Agreement, Altera MegaCore Function License 
Agreement, or other applicable license agreement, including, 
without limitation, that your use is for the sole purpose of 
programming logic devices manufactured by Altera and sold by 
Altera or its authorized distributors.  Please refer to the 
applicable agreement for further details.



+--------------------------------------------------------------------------------------+
; Analysis & Synthesis Summary                                                         ;
+------------------------------------+-------------------------------------------------+
; Analysis & Synthesis Status        ; Successful - Fri May 22 10:03:09 2026           ;
; Quartus II 64-Bit Version          ; 13.0.1 Build 232 06/12/2013 SP 1 SJ Web Edition ;
; Revision Name                      ; top_module                                      ;
; Top-level Entity Name              ; top_module                                      ;
; Family                             ; Cyclone II                                      ;
; Total logic elements               ; 585                                             ;
;     Total combinational functions  ; 581                                             ;
;     Dedicated logic registers      ; 202                                             ;
; Total registers                    ; 202                                             ;
; Total pins                         ; 54                                              ;
; Total virtual pins                 ; 0                                               ;
; Total memory bits                  ; 0                                               ;
; Embedded Multiplier 9-bit elements ; 0                                               ;
; Total PLLs                         ; 0                                               ;
+------------------------------------+-------------------------------------------------+


+----------------------------------------------------------------------------------------------------------------------+
; Analysis & Synthesis Settings                                                                                        ;
+----------------------------------------------------------------------------+--------------------+--------------------+
; Option                                                                     ; Setting            ; Default Value      ;
+----------------------------------------------------------------------------+--------------------+--------------------+
; Device                                                                     ; EP2C35F672C6       ;                    ;
; Top-level entity name                                                      ; top_module         ; top_module         ;
; Family name                                                                ; Cyclone II         ; Cyclone IV GX      ;
; Use smart compilation                                                      ; Off                ; Off                ;
; Enable parallel Assembler and TimeQuest Timing Analyzer during compilation ; On                 ; On                 ;
; Enable compact report table                                                ; Off                ; Off                ;
; Restructure Multiplexers                                                   ; Auto               ; Auto               ;
; Create Debugging Nodes for IP Cores                                        ; Off                ; Off                ;
; Preserve fewer node names                                                  ; On                 ; On                 ;
; Disable OpenCore Plus hardware evaluation                                  ; Off                ; Off                ;
; Verilog Version                                                            ; Verilog_2001       ; Verilog_2001       ;
; VHDL Version                                                               ; VHDL_1993          ; VHDL_1993          ;
; State Machine Processing                                                   ; Auto               ; Auto               ;
; Safe State Machine                                                         ; Off                ; Off                ;
; Extract Verilog State Machines                                             ; On                 ; On                 ;
; Extract VHDL State Machines                                                ; On                 ; On                 ;
; Ignore Verilog initial constructs                                          ; Off                ; Off                ;
; Iteration limit for constant Verilog loops                                 ; 5000               ; 5000               ;
; Iteration limit for non-constant Verilog loops                             ; 250                ; 250                ;
; Add Pass-Through Logic to Inferred RAMs                                    ; On                 ; On                 ;
; Infer RAMs from Raw Logic                                                  ; On                 ; On                 ;
; Parallel Synthesis                                                         ; On                 ; On                 ;
; DSP Block Balancing                                                        ; Auto               ; Auto               ;
; NOT Gate Push-Back                                                         ; On                 ; On                 ;
; Power-Up Don't Care                                                        ; On                 ; On                 ;
; Remove Redundant Logic Cells                                               ; Off                ; Off                ;
; Remove Duplicate Registers                                                 ; On                 ; On                 ;
; Ignore CARRY Buffers                                                       ; Off                ; Off                ;
; Ignore CASCADE Buffers                                                     ; Off                ; Off                ;
; Ignore GLOBAL Buffers                                                      ; Off                ; Off                ;
; Ignore ROW GLOBAL Buffers                                                  ; Off                ; Off                ;
; Ignore LCELL Buffers                                                       ; Off                ; Off                ;
; Ignore SOFT Buffers                                                        ; On                 ; On                 ;
; Limit AHDL Integers to 32 Bits                                             ; Off                ; Off                ;
; Optimization Technique                                                     ; Balanced           ; Balanced           ;
; Carry Chain Length                                                         ; 70                 ; 70                 ;
; Auto Carry Chains                                                          ; On                 ; On                 ;
; Auto Open-Drain Pins                                                       ; On                 ; On                 ;
; Perform WYSIWYG Primitive Resynthesis                                      ; Off                ; Off                ;
; Auto ROM Replacement                                                       ; On                 ; On                 ;
; Auto RAM Replacement                                                       ; On                 ; On                 ;
; Auto Shift Register Replacement                                            ; Auto               ; Auto               ;
; Allow Shift Register Merging across Hierarchies                            ; Auto               ; Auto               ;
; Auto Clock Enable Replacement                                              ; On                 ; On                 ;
; Strict RAM Replacement                                                     ; Off                ; Off                ;
; Allow Synchronous Control Signals                                          ; On                 ; On                 ;
; Force Use of Synchronous Clear Signals                                     ; Off                ; Off                ;
; Auto RAM to Logic Cell Conversion                                          ; Off                ; Off                ;
; Auto Resource Sharing                                                      ; Off                ; Off                ;
; Allow Any RAM Size For Recognition                                         ; Off                ; Off                ;
; Allow Any ROM Size For Recognition                                         ; Off                ; Off                ;
; Allow Any Shift Register Size For Recognition                              ; Off                ; Off                ;
; Use LogicLock Constraints during Resource Balancing                        ; On                 ; On                 ;
; Ignore translate_off and synthesis_off directives                          ; Off                ; Off                ;
; Timing-Driven Synthesis                                                    ; Off                ; Off                ;
; Report Parameter Settings                                                  ; On                 ; On                 ;
; Report Source Assignments                                                  ; On                 ; On                 ;
; Report Connectivity Checks                                                 ; On                 ; On                 ;
; Ignore Maximum Fan-Out Assignments                                         ; Off                ; Off                ;
; Synchronization Register Chain Length                                      ; 2                  ; 2                  ;
; PowerPlay Power Optimization                                               ; Normal compilation ; Normal compilation ;
; HDL message level                                                          ; Level2             ; Level2             ;
; Suppress Register Optimization Related Messages                            ; Off                ; Off                ;
; Number of Removed Registers Reported in Synthesis Report                   ; 5000               ; 5000               ;
; Number of Swept Nodes Reported in Synthesis Report                         ; 5000               ; 5000               ;
; Number of Inverted Registers Reported in Synthesis Report                  ; 100                ; 100                ;
; Clock MUX Protection                                                       ; On                 ; On                 ;
; Auto Gated Clock Conversion                                                ; Off                ; Off                ;
; Block Design Naming                                                        ; Auto               ; Auto               ;
; SDC constraint protection                                                  ; Off                ; Off                ;
; Synthesis Effort                                                           ; Auto               ; Auto               ;
; Shift Register Replacement - Allow Asynchronous Clear Signal               ; On                 ; On                 ;
; Pre-Mapping Resynthesis Optimization                                       ; Off                ; Off                ;
; Analysis & Synthesis Message Level                                         ; Medium             ; Medium             ;
; Disable Register Merging Across Hierarchies                                ; Auto               ; Auto               ;
; Resource Aware Inference For Block RAM                                     ; On                 ; On                 ;
; Synthesis Seed                                                             ; 1                  ; 1                  ;
+----------------------------------------------------------------------------+--------------------+--------------------+


Parallel compilation was disabled, but you have multiple processors available. Enable parallel compilation to reduce compilation time.
+-------------------------------------+
; Parallel Compilation                ;
+----------------------------+--------+
; Processors                 ; Number ;
+----------------------------+--------+
; Number detected on machine ; 16     ;
; Maximum allowed            ; 1      ;
+----------------------------+--------+


+------------------------------------------------------------------------------------------------------------------------------------------+
; Analysis & Synthesis Source Files Read                                                                                                   ;
+----------------------------------+-----------------+------------------------+--------------------------------------------------+---------+
; File Name with User-Entered Path ; Used in Netlist ; File Type              ; File Name with Absolute Path                     ; Library ;
+----------------------------------+-----------------+------------------------+--------------------------------------------------+---------+
; top_module.v                     ; yes             ; User Verilog HDL File  ; E:/UIT_Document/HDL_Verilog/DoAnHDL/top_module.v ;         ;
+----------------------------------+-----------------+------------------------+--------------------------------------------------+---------+


+-----------------------------------------------------+
; Analysis & Synthesis Resource Usage Summary         ;
+---------------------------------------------+-------+
; Resource                                    ; Usage ;
+---------------------------------------------+-------+
; Estimated Total logic elements              ; 585   ;
;                                             ;       ;
; Total combinational functions               ; 581   ;
; Logic element usage by number of LUT inputs ;       ;
;     -- 4 input functions                    ; 322   ;
;     -- 3 input functions                    ; 75    ;
;     -- <=2 input functions                  ; 184   ;
;                                             ;       ;
; Logic elements by mode                      ;       ;
;     -- normal mode                          ; 468   ;
;     -- arithmetic mode                      ; 113   ;
;                                             ;       ;
; Total registers                             ; 202   ;
;     -- Dedicated logic registers            ; 202   ;
;     -- I/O registers                        ; 0     ;
;                                             ;       ;
; I/O pins                                    ; 54    ;
; Embedded Multiplier 9-bit elements          ; 0     ;
; Maximum fan-out node                        ; clk   ;
; Maximum fan-out                             ; 202   ;
; Total fan-out                               ; 2705  ;
; Average fan-out                             ; 3.23  ;
+---------------------------------------------+-------+


+--------------------------------------------------------------------------------------------------------------------------------------------------------------------------------------------------------------------------------------+
; Analysis & Synthesis Resource Utilization by Entity                                                                                                                                                                                  ;
+-----------------------------------------+-------------------+--------------+-------------+--------------+---------+-----------+------+--------------+-----------------------------------------------------------------+--------------+
; Compilation Hierarchy Node              ; LC Combinationals ; LC Registers ; Memory Bits ; DSP Elements ; DSP 9x9 ; DSP 18x18 ; Pins ; Virtual Pins ; Full Hierarchy Name                                             ; Library Name ;
+-----------------------------------------+-------------------+--------------+-------------+--------------+---------+-----------+------+--------------+-----------------------------------------------------------------+--------------+
; |top_module                             ; 581 (1)           ; 202 (0)      ; 0           ; 0            ; 0       ; 0         ; 54   ; 0            ; |top_module                                                     ; work         ;
;    |Top_input:u_input|                  ; 79 (0)            ; 41 (0)       ; 0           ; 0            ; 0       ; 0         ; 0    ; 0            ; |top_module|Top_input:u_input                                   ; work         ;
;       |chia_xung:u_chia_xung|           ; 58 (58)           ; 33 (33)      ; 0           ; 0            ; 0       ; 0         ; 0    ; 0            ; |top_module|Top_input:u_input|chia_xung:u_chia_xung             ; work         ;
;       |chongnhieu:u_chongnhieu|         ; 2 (2)             ; 6 (6)        ; 0           ; 0            ; 0       ; 0         ; 0    ; 0            ; |top_module|Top_input:u_input|chongnhieu:u_chongnhieu           ; work         ;
;       |quetkeypad:u_quetkeypad|         ; 19 (19)           ; 2 (2)        ; 0           ; 0            ; 0       ; 0         ; 0    ; 0            ; |top_module|Top_input:u_input|quetkeypad:u_quetkeypad           ; work         ;
;    |logic_top:u_logic|                  ; 158 (0)           ; 81 (0)       ; 0           ; 0            ; 0       ; 0         ; 0    ; 0            ; |top_module|logic_top:u_logic                                   ; work         ;
;       |fsm_controller:u_fsm_controller| ; 115 (115)         ; 49 (49)      ; 0           ; 0            ; 0       ; 0         ; 0    ; 0            ; |top_module|logic_top:u_logic|fsm_controller:u_fsm_controller   ; work         ;
;       |passdatapath:u_pass_datapath|    ; 26 (26)           ; 16 (16)      ; 0           ; 0            ; 0       ; 0         ; 0    ; 0            ; |top_module|logic_top:u_logic|passdatapath:u_pass_datapath      ; work         ;
;       |shiftbuffer:u_shift_buffer|      ; 17 (17)           ; 16 (16)      ; 0           ; 0            ; 0       ; 0         ; 0    ; 0            ; |top_module|logic_top:u_logic|shiftbuffer:u_shift_buffer        ; work         ;
;    |output_top:u_output|                ; 343 (0)           ; 80 (0)       ; 0           ; 0            ; 0       ; 0         ; 0    ; 0            ; |top_module|output_top:u_output                                 ; work         ;
;       |lcd_controller:u_lcd_controller| ; 279 (279)         ; 55 (55)      ; 0           ; 0            ; 0       ; 0         ; 0    ; 0            ; |top_module|output_top:u_output|lcd_controller:u_lcd_controller ; work         ;
;       |led_7_doan:u_led_7_doan|         ; 28 (28)           ; 0 (0)        ; 0           ; 0            ; 0       ; 0         ; 0    ; 0            ; |top_module|output_top:u_output|led_7_doan:u_led_7_doan         ; work         ;
;       |warning_buzzer:u_warning_buzzer| ; 36 (36)           ; 25 (25)      ; 0           ; 0            ; 0       ; 0         ; 0    ; 0            ; |top_module|output_top:u_output|warning_buzzer:u_warning_buzzer ; work         ;
+-----------------------------------------+-------------------+--------------+-------------+--------------+---------+-----------+------+--------------+-----------------------------------------------------------------+--------------+
Note: For table entries with two numbers listed, the numbers in parentheses indicate the number of resources of the given type used by the specific entity alone. The numbers listed outside of parentheses indicate the total resources of the given type used by the specific entity and all of its sub-entities in the hierarchy.


Encoding Type:  One-Hot
+--------------------------------------------------------------------------------------------------------------------------------------------------------------------------+
; State Machine - |top_module|output_top:u_output|lcd_controller:u_lcd_controller|lcd_state                                                                                ;
+-----------------------+--------------------+-------------------+--------------------+--------------------+-------------------+-------------------+-----------------------+
; Name                  ; lcd_state.ST_DELAY ; lcd_state.ST_HOLD ; lcd_state.ST_PULSE ; lcd_state.ST_SETUP ; lcd_state.ST_IDLE ; lcd_state.ST_INIT ; lcd_state.ST_POWER_ON ;
+-----------------------+--------------------+-------------------+--------------------+--------------------+-------------------+-------------------+-----------------------+
; lcd_state.ST_POWER_ON ; 0                  ; 0                 ; 0                  ; 0                  ; 0                 ; 0                 ; 0                     ;
; lcd_state.ST_INIT     ; 0                  ; 0                 ; 0                  ; 0                  ; 0                 ; 1                 ; 1                     ;
; lcd_state.ST_IDLE     ; 0                  ; 0                 ; 0                  ; 0                  ; 1                 ; 0                 ; 1                     ;
; lcd_state.ST_SETUP    ; 0                  ; 0                 ; 0                  ; 1                  ; 0                 ; 0                 ; 1                     ;
; lcd_state.ST_PULSE    ; 0                  ; 0                 ; 1                  ; 0                  ; 0                 ; 0                 ; 1                     ;
; lcd_state.ST_HOLD     ; 0                  ; 1                 ; 0                  ; 0                  ; 0                 ; 0                 ; 1                     ;
; lcd_state.ST_DELAY    ; 1                  ; 0                 ; 0                  ; 0                  ; 0                 ; 0                 ; 1                     ;
+-----------------------+--------------------+-------------------+--------------------+--------------------+-------------------+-------------------+-----------------------+


Encoding Type:  One-Hot
+-----------------------------------------------------------------------------------------------------------------------------------------------------------------------------------+
; State Machine - |top_module|logic_top:u_logic|fsm_controller:u_fsm_controller|current_state                                                                                       ;
+-----------------------------+-----------------------------+-----------------------+----------------------+-------------------------+-----------------------+----------------------+
; Name                        ; current_state.S_CHANGE_PASS ; current_state.S_WRONG ; current_state.S_OPEN ; current_state.S_COMPARE ; current_state.S_INPUT ; current_state.S_IDLE ;
+-----------------------------+-----------------------------+-----------------------+----------------------+-------------------------+-----------------------+----------------------+
; current_state.S_IDLE        ; 0                           ; 0                     ; 0                    ; 0                       ; 0                     ; 0                    ;
; current_state.S_INPUT       ; 0                           ; 0                     ; 0                    ; 0                       ; 1                     ; 1                    ;
; current_state.S_COMPARE     ; 0                           ; 0                     ; 0                    ; 1                       ; 0                     ; 1                    ;
; current_state.S_OPEN        ; 0                           ; 0                     ; 1                    ; 0                       ; 0                     ; 1                    ;
; current_state.S_WRONG       ; 0                           ; 1                     ; 0                    ; 0                       ; 0                     ; 1                    ;
; current_state.S_CHANGE_PASS ; 1                           ; 0                     ; 0                    ; 0                       ; 0                     ; 1                    ;
+-----------------------------+-----------------------------+-----------------------+----------------------+-------------------------+-----------------------+----------------------+


+-----------------------------------------------------------------------------------------------------------------------------------------+
; Registers Removed During Synthesis                                                                                                      ;
+-------------------------------------------------------------------+---------------------------------------------------------------------+
; Register name                                                     ; Reason for Removal                                                  ;
+-------------------------------------------------------------------+---------------------------------------------------------------------+
; output_top:u_output|lcd_controller:u_lcd_controller|lcd_state~10  ; Lost fanout                                                         ;
; output_top:u_output|lcd_controller:u_lcd_controller|lcd_state~11  ; Lost fanout                                                         ;
; output_top:u_output|lcd_controller:u_lcd_controller|lcd_state~12  ; Lost fanout                                                         ;
; logic_top:u_logic|fsm_controller:u_fsm_controller|current_state~4 ; Lost fanout                                                         ;
; logic_top:u_logic|fsm_controller:u_fsm_controller|current_state~5 ; Lost fanout                                                         ;
; logic_top:u_logic|fsm_controller:u_fsm_controller|current_state~6 ; Lost fanout                                                         ;
; Top_input:u_input|chia_xung:u_chia_xung|count_100hz[0]            ; Merged with Top_input:u_input|chia_xung:u_chia_xung|count_1000hz[0] ;
; Top_input:u_input|chia_xung:u_chia_xung|count_100hz[1]            ; Merged with Top_input:u_input|chia_xung:u_chia_xung|count_1000hz[1] ;
; Total Number of Removed Registers = 8                             ;                                                                     ;
+-------------------------------------------------------------------+---------------------------------------------------------------------+


+------------------------------------------------------+
; General Register Statistics                          ;
+----------------------------------------------+-------+
; Statistic                                    ; Value ;
+----------------------------------------------+-------+
; Total registers                              ; 202   ;
; Number of registers using Synchronous Clear  ; 79    ;
; Number of registers using Synchronous Load   ; 12    ;
; Number of registers using Asynchronous Clear ; 199   ;
; Number of registers using Asynchronous Load  ; 0     ;
; Number of registers using Clock Enable       ; 100   ;
; Number of registers using Preset             ; 0     ;
+----------------------------------------------+-------+


+---------------------------------------------------------------------------------+
; Inverted Register Statistics                                                    ;
+-----------------------------------------------------------------------+---------+
; Inverted Register                                                     ; Fan out ;
+-----------------------------------------------------------------------+---------+
; logic_top:u_logic|shiftbuffer:u_shift_buffer|pass_16bit[12]           ; 10      ;
; logic_top:u_logic|shiftbuffer:u_shift_buffer|pass_16bit[13]           ; 10      ;
; logic_top:u_logic|shiftbuffer:u_shift_buffer|pass_16bit[14]           ; 10      ;
; logic_top:u_logic|shiftbuffer:u_shift_buffer|pass_16bit[15]           ; 10      ;
; logic_top:u_logic|shiftbuffer:u_shift_buffer|pass_16bit[8]            ; 11      ;
; logic_top:u_logic|shiftbuffer:u_shift_buffer|pass_16bit[9]            ; 11      ;
; logic_top:u_logic|shiftbuffer:u_shift_buffer|pass_16bit[10]           ; 11      ;
; logic_top:u_logic|shiftbuffer:u_shift_buffer|pass_16bit[11]           ; 11      ;
; logic_top:u_logic|shiftbuffer:u_shift_buffer|pass_16bit[4]            ; 11      ;
; logic_top:u_logic|shiftbuffer:u_shift_buffer|pass_16bit[5]            ; 11      ;
; logic_top:u_logic|shiftbuffer:u_shift_buffer|pass_16bit[6]            ; 11      ;
; logic_top:u_logic|shiftbuffer:u_shift_buffer|pass_16bit[7]            ; 11      ;
; logic_top:u_logic|shiftbuffer:u_shift_buffer|pass_16bit[0]            ; 10      ;
; logic_top:u_logic|shiftbuffer:u_shift_buffer|pass_16bit[1]            ; 10      ;
; logic_top:u_logic|shiftbuffer:u_shift_buffer|pass_16bit[2]            ; 10      ;
; logic_top:u_logic|shiftbuffer:u_shift_buffer|pass_16bit[3]            ; 10      ;
; Top_input:u_input|chongnhieu:u_chongnhieu|btn_stable                  ; 7       ;
; Top_input:u_input|chongnhieu:u_chongnhieu|btn_stable_delay            ; 5       ;
; logic_top:u_logic|passdatapath:u_pass_datapath|stored_pass[2]         ; 1       ;
; logic_top:u_logic|passdatapath:u_pass_datapath|stored_pass[4]         ; 1       ;
; logic_top:u_logic|passdatapath:u_pass_datapath|stored_pass[6]         ; 1       ;
; logic_top:u_logic|passdatapath:u_pass_datapath|stored_pass[8]         ; 1       ;
; logic_top:u_logic|passdatapath:u_pass_datapath|stored_pass[10]        ; 1       ;
; logic_top:u_logic|passdatapath:u_pass_datapath|stored_pass[12]        ; 1       ;
; logic_top:u_logic|passdatapath:u_pass_datapath|stored_pass[15]        ; 1       ;
; output_top:u_output|lcd_controller:u_lcd_controller|is_init_mode      ; 6       ;
; Top_input:u_input|chongnhieu:u_chongnhieu|shift_reg[1]                ; 1       ;
; Top_input:u_input|chongnhieu:u_chongnhieu|shift_reg[0]                ; 2       ;
; output_top:u_output|lcd_controller:u_lcd_controller|pre_state_code[1] ; 1       ;
; output_top:u_output|lcd_controller:u_lcd_controller|pre_state_code[0] ; 1       ;
; output_top:u_output|lcd_controller:u_lcd_controller|pre_state_code[2] ; 1       ;
; Top_input:u_input|chongnhieu:u_chongnhieu|ff2                         ; 1       ;
; Top_input:u_input|chongnhieu:u_chongnhieu|ff1                         ; 1       ;
; Total number of inverted registers = 33                               ;         ;
+-----------------------------------------------------------------------+---------+


+---------------------------------------------------------------------------------------------------------------------------------------------------------------------------------------------+
; Multiplexer Restructuring Statistics (Restructuring Performed)                                                                                                                              ;
+--------------------+-----------+---------------+----------------------+------------------------+------------+-------------------------------------------------------------------------------+
; Multiplexer Inputs ; Bus Width ; Baseline Area ; Area if Restructured ; Saving if Restructured ; Registered ; Example Multiplexer Output                                                    ;
+--------------------+-----------+---------------+----------------------+------------------------+------------+-------------------------------------------------------------------------------+
; 4:1                ; 32 bits   ; 64 LEs        ; 32 LEs               ; 32 LEs                 ; Yes        ; |top_module|logic_top:u_logic|fsm_controller:u_fsm_controller|timer[17]       ;
; 9:1                ; 6 bits    ; 36 LEs        ; 12 LEs               ; 24 LEs                 ; Yes        ; |top_module|output_top:u_output|lcd_controller:u_lcd_controller|char_idx[1]   ;
; 13:1               ; 23 bits   ; 184 LEs       ; 23 LEs               ; 161 LEs                ; Yes        ; |top_module|output_top:u_output|lcd_controller:u_lcd_controller|delay_cnt[14] ;
; 4:1                ; 4 bits    ; 8 LEs         ; 4 LEs                ; 4 LEs                  ; Yes        ; |top_module|logic_top:u_logic|shiftbuffer:u_shift_buffer|pass_16bit[14]       ;
; 4:1                ; 12 bits   ; 24 LEs        ; 24 LEs               ; 0 LEs                  ; Yes        ; |top_module|logic_top:u_logic|shiftbuffer:u_shift_buffer|pass_16bit[2]        ;
; 4:1                ; 2 bits    ; 4 LEs         ; 4 LEs                ; 0 LEs                  ; No         ; |top_module|output_top:u_output|lcd_controller:u_lcd_controller|LCD_RS        ;
; 4:1                ; 2 bits    ; 4 LEs         ; 4 LEs                ; 0 LEs                  ; No         ; |top_module|Top_input:u_input|quetkeypad:u_quetkeypad|Mux0                    ;
; 14:1               ; 4 bits    ; 36 LEs        ; 16 LEs               ; 20 LEs                 ; No         ; |top_module|logic_top:u_logic|fsm_controller:u_fsm_controller|Selector5       ;
; 14:1               ; 2 bits    ; 18 LEs        ; 4 LEs                ; 14 LEs                 ; No         ; |top_module|logic_top:u_logic|fsm_controller:u_fsm_controller|Selector3       ;
; 15:1               ; 4 bits    ; 40 LEs        ; 12 LEs               ; 28 LEs                 ; No         ; |top_module|output_top:u_output|lcd_controller:u_lcd_controller|Selector28    ;
+--------------------+-----------+---------------+----------------------+------------------------+------------+-------------------------------------------------------------------------------+


+------------------------------------------------------+
; Source assignments for Top-level Entity: |top_module ;
+-----------------------+-------+------+---------------+
; Assignment            ; Value ; From ; To            ;
+-----------------------+-------+------+---------------+
; WEAK_PULL_UP_RESISTOR ; ON    ; -    ; col[3]        ;
; WEAK_PULL_UP_RESISTOR ; ON    ; -    ; col[2]        ;
; WEAK_PULL_UP_RESISTOR ; ON    ; -    ; col[1]        ;
; WEAK_PULL_UP_RESISTOR ; ON    ; -    ; col[0]        ;
+-----------------------+-------+------+---------------+


+--------------------------------------------------------------------------------------------------+
; Parameter Settings for User Entity Instance: output_top:u_output|lcd_controller:u_lcd_controller ;
+----------------+-------+-------------------------------------------------------------------------+
; Parameter Name ; Value ; Type                                                                    ;
+----------------+-------+-------------------------------------------------------------------------+
; S_IDLE         ; 000   ; Unsigned Binary                                                         ;
; S_INPUT        ; 001   ; Unsigned Binary                                                         ;
; S_COMPARE      ; 010   ; Unsigned Binary                                                         ;
; S_OPEN         ; 011   ; Unsigned Binary                                                         ;
; S_WRONG        ; 100   ; Unsigned Binary                                                         ;
; S_CHANGE_PASS  ; 101   ; Unsigned Binary                                                         ;
; ST_POWER_ON    ; 000   ; Unsigned Binary                                                         ;
; ST_INIT        ; 001   ; Unsigned Binary                                                         ;
; ST_IDLE        ; 010   ; Unsigned Binary                                                         ;
; ST_SETUP       ; 011   ; Unsigned Binary                                                         ;
; ST_PULSE       ; 100   ; Unsigned Binary                                                         ;
; ST_HOLD        ; 101   ; Unsigned Binary                                                         ;
; ST_DELAY       ; 110   ; Unsigned Binary                                                         ;
+----------------+-------+-------------------------------------------------------------------------+
Note: In order to hide this table in the UI and the text report file, please set the "Show Parameter Settings in Synthesis Report" option in "Analysis and Synthesis Settings -> More Settings" to "Off".


+---------------------------------------------------------------------+
; Port Connectivity Checks: "Top_input:u_input|chia_xung:u_chia_xung" ;
+-----------+--------+----------+-------------------------------------+
; Port      ; Type   ; Severity ; Details                             ;
+-----------+--------+----------+-------------------------------------+
; tick_1sec ; Output ; Info     ; Explicitly unconnected              ;
+-----------+--------+----------+-------------------------------------+


+-------------------------------+
; Elapsed Time Per Partition    ;
+----------------+--------------+
; Partition Name ; Elapsed Time ;
+----------------+--------------+
; Top            ; 00:00:01     ;
+----------------+--------------+


+-------------------------------+
; Analysis & Synthesis Messages ;
+-------------------------------+
Info: *******************************************************************
Info: Running Quartus II 64-Bit Analysis & Synthesis
    Info: Version 13.0.1 Build 232 06/12/2013 Service Pack 1 SJ Web Edition
    Info: Processing started: Fri May 22 10:03:06 2026
Info: Command: quartus_map --read_settings_files=on --write_settings_files=off top_module -c top_module
Warning (20028): Parallel compilation is not licensed and has been disabled
Info (12021): Found 13 design units, including 13 entities, in source file top_module.v
    Info (12023): Found entity 1: top_module
    Info (12023): Found entity 2: Top_input
    Info (12023): Found entity 3: chia_xung
    Info (12023): Found entity 4: quetkeypad
    Info (12023): Found entity 5: chongnhieu
    Info (12023): Found entity 6: logic_top
    Info (12023): Found entity 7: shiftbuffer
    Info (12023): Found entity 8: passdatapath
    Info (12023): Found entity 9: fsm_controller
    Info (12023): Found entity 10: output_top
    Info (12023): Found entity 11: led_7_doan
    Info (12023): Found entity 12: warning_buzzer
    Info (12023): Found entity 13: lcd_controller
Info (12021): Found 1 design units, including 1 entities, in source file tb_top_module.v
    Info (12023): Found entity 1: tb_top_module
Info (12127): Elaborating entity "top_module" for the top level hierarchy
Info (12128): Elaborating entity "Top_input" for hierarchy "Top_input:u_input"
Info (12128): Elaborating entity "chia_xung" for hierarchy "Top_input:u_input|chia_xung:u_chia_xung"
Info (12128): Elaborating entity "quetkeypad" for hierarchy "Top_input:u_input|quetkeypad:u_quetkeypad"
Info (12128): Elaborating entity "chongnhieu" for hierarchy "Top_input:u_input|chongnhieu:u_chongnhieu"
Info (12128): Elaborating entity "logic_top" for hierarchy "logic_top:u_logic"
Info (12128): Elaborating entity "shiftbuffer" for hierarchy "logic_top:u_logic|shiftbuffer:u_shift_buffer"
Info (12128): Elaborating entity "passdatapath" for hierarchy "logic_top:u_logic|passdatapath:u_pass_datapath"
Info (12128): Elaborating entity "fsm_controller" for hierarchy "logic_top:u_logic|fsm_controller:u_fsm_controller"
Warning (10230): Verilog HDL assignment warning at top_module.v(475): truncated value with size 32 to match size of target (3)
Info (12128): Elaborating entity "output_top" for hierarchy "output_top:u_output"
Info (12128): Elaborating entity "led_7_doan" for hierarchy "output_top:u_output|led_7_doan:u_led_7_doan"
Info (12128): Elaborating entity "warning_buzzer" for hierarchy "output_top:u_output|warning_buzzer:u_warning_buzzer"
Info (12128): Elaborating entity "lcd_controller" for hierarchy "output_top:u_output|lcd_controller:u_lcd_controller"
Info (13014): Ignored 4 buffer(s)
    Info (13019): Ignored 4 SOFT buffer(s)
Info (13000): Registers with preset signals will power-up high
Info (13003): DEV_CLRn pin will set, and not reset, register with preset signal due to NOT Gate Push-Back
Warning (13024): Output pins are stuck at VCC or GND
    Warning (13410): Pin "LCD_RW" is stuck at GND
    Warning (13410): Pin "LCD_ON" is stuck at VCC
    Warning (13410): Pin "LCD_BLON" is stuck at VCC
Info (17049): 6 registers lost all their fanouts during netlist optimizations.
Info (16010): Generating hard_block partition "hard_block:auto_generated_inst"
    Info (16011): Adding 0 node(s), including 0 DDIO, 0 PLL, 0 transceiver and 0 LCELL
Info (21057): Implemented 640 device resources after synthesis - the final resource count might be different
    Info (21058): Implemented 6 input pins
    Info (21059): Implemented 48 output pins
    Info (21061): Implemented 586 logic cells
Info: Quartus II 64-Bit Analysis & Synthesis was successful. 0 errors, 6 warnings
    Info: Peak virtual memory: 4616 megabytes
    Info: Processing ended: Fri May 22 10:03:09 2026
    Info: Elapsed time: 00:00:03
    Info: Total CPU time (on all processors): 00:00:02


